Component: Arm Compiler for Embedded 6.19 Tool: armlink [5e73cb00]

==============================================================================

Section Cross References

    proyecto.o(reset) refers to proyecto.o(ARM) for Reset_Handler


==============================================================================

Image Symbol Table

    Local Symbols

    Symbol Name                              Value     Ov Type        Size  Object(Section)

    Proyecto.s                               0x00000000   Number         0  proyecto.o ABSOLUTE
    ARM                                      0x00000000   Section      124  proyecto.o(ARM)
    reset                                    0x0000007c   Section        8  proyecto.o(reset)

    Global Symbols

    Symbol Name                              Value     Ov Type        Size  Object(Section)

    BuildAttributes$$THM_ISAv4$E$P$D$K$B$S$7EM$PE$PLD8$A:L22UL41UL21$X:L11$S22US41US21$IEEE1$~IW$USESV6$~STKCKD$USESV7$~SHL$OSPACE$EBA8$STANDARDLIB$PRES8$EABIv2 0x00000000   Number         0  anon$$obj.o ABSOLUTE
    Reset_Handler                            0x00000001   Thumb Code     0  proyecto.o(ARM)



==============================================================================

Memory Map of the image

  Image Entry point : 0x00000001

  Load Region LR_IROM1 (Base: 0x00000000, Size: 0x00000084, Max: 0x00040000, ABSOLUTE)

    Execution Region ER_IROM1 (Exec base: 0x00000000, Load base: 0x00000000, Size: 0x00000084, Max: 0x00040000, ABSOLUTE)

    Exec Addr    Load Addr    Size         Type   Attr      Idx    E Section Name        Object

    0x00000000   0x00000000   0x0000007c   Code   RO            2  * ARM                 proyecto.o
    0x0000007c   0x0000007c   0x00000008   Data   RW            1    reset               proyecto.o


    Execution Region RW_IRAM1 (Exec base: 0x20000000, Load base: 0x00000084, Size: 0x00000000, Max: 0x00020000, ABSOLUTE)

    **** No section assigned to this execution region ****


==============================================================================

Image component sizes


      Code (inc. data)   RO Data    RW Data    ZI Data      Debug   Object Name

       124          6          0          8          0        264   proyecto.o

    ----------------------------------------------------------------------
       124          6          0          8          0        264   Object Totals
         0          0          0          0          0          0   (incl. Generated)
         0          0          0          0          0          0   (incl. Padding)

    ----------------------------------------------------------------------
         0          0          0          0          0          0   Library Totals
         0          0          0          0          0          0   (incl. Padding)

    ----------------------------------------------------------------------

==============================================================================


      Code (inc. data)   RO Data    RW Data    ZI Data      Debug   

       124          6          0          8          0        264   Grand Totals
       124          6          0          8          0        264   ELF Image Totals
       124          6          0          8          0          0   ROM Totals

==============================================================================

    Total RO  Size (Code + RO Data)                  124 (   0.12kB)
    Total RW  Size (RW Data + ZI Data)                 8 (   0.01kB)
    Total ROM Size (Code + RO Data + RW Data)        132 (   0.13kB)

==============================================================================

